// Jest Snapshot v1, https://goo.gl/fbAQLP

exports[`ActionButton matches snapshot 1`] = `
.c1 {
  fill: #fff;
  vertical-align: top;
}

.c0 {
  -webkit-align-items: center;
  -webkit-box-align: center;
  -ms-flex-align: center;
  align-items: center;
  margin: 4px;
  -webkit-transition: all 0.2s ease-in-out;
  transition: all 0.2s ease-in-out;
  opacity: 0.4;
  cursor: pointer;
}

.c0:hover,
.c0:focus {
  opacity: 1;
}

.c0:focus {
  outline-offset: 2px;
  outline: dotted 1px rgb(59,153,252);
}

<button
  className="c0"
>
  <svg
    aria-label="open customize and profile menu"
    className="c1"
    color="#fff"
    height={24}
    role="img"
    viewBox="0 0 24 24"
    width={24}
  >
    <title>
      menu icon
    </title>
    <desc>
      hamburger menu icon
    </desc>
    <path
      d="M0 0h24v24H0z"
      fill="none"
    />
    <path
      d="M3 18h18v-2H3v2zm0-5h18v-2H3v2zm0-7v2h18V6H3z"
    />
  </svg>
</button>
`;
