// Jest Snapshot v1, https://goo.gl/fbAQLP

exports[`List matches snapshot 1`] = `
.c0 {
  padding: 0;
  margin: 0;
}

<list__ListWrap>
  <ul
    className="c0"
  />
</list__ListWrap>
`;

exports[`List renders children 1`] = `
.c0 {
  padding: 0;
  margin: 0;
}

.c1 {
  display: -webkit-box;
  display: -webkit-flex;
  display: -ms-flexbox;
  display: flex;
  -webkit-box-pack: justify;
  -webkit-justify-content: space-between;
  -ms-flex-pack: justify;
  justify-content: space-between;
  -webkit-align-items: center;
  -webkit-box-align: center;
  -ms-flex-align: center;
  align-items: center;
  padding: 4px 0;
  list-style-type: none;
  width: 100%;
}

.c1:focus {
  outline: dotted 1px rgb(59,153,252);
  outline-offset: -1px;
}

.c2 {
  display: -webkit-box;
  display: -webkit-flex;
  display: -ms-flexbox;
  display: flex;
  -webkit-align-items: center;
  -webkit-box-align: center;
  -ms-flex-align: center;
  align-items: center;
  -webkit-box-pack: start;
  -webkit-justify-content: flex-start;
  -ms-flex-pack: start;
  justify-content: flex-start;
  overflow: hidden;
  text-overflow: ellipsis;
  white-space: nowrap;
}

.c3 {
  padding: 8px;
  overflow: hidden;
  text-overflow: ellipsis;
  white-space: nowrap;
}

<list__ListWrap>
  <ul
    className="c0"
  >
    <single_line__ItemWrap
      onKeyUp={[Function]}
      tabIndex={null}
    >
      <li
        className="c1"
        onKeyUp={[Function]}
        tabIndex={null}
      >
        <single_line__ItemLeftContainer>
          <div
            className="c2"
          >
            <single_line__TitleWrap>
              <div
                className="c3"
              >
                its a test title
              </div>
            </single_line__TitleWrap>
          </div>
        </single_line__ItemLeftContainer>
        <single_line__ItemRightContainer>
          <div
            className=""
          />
        </single_line__ItemRightContainer>
      </li>
    </single_line__ItemWrap>
  </ul>
</list__ListWrap>
`;
